
+-----------------------------------------------+
|                   IOb-Console                 |
+-----------------------------------------------+

IOb-Console: connecting...




Hello world!


This message was sent from SUT!
IOb-Console: exiting...
