
+-----------------------------------------------+
|                   IOb-Console                 |
+-----------------------------------------------+

  BaudRate = 115200
  StopBits = 1
  Parity   = None

IOb-Console: connecting...

IOb-Bootloader: connected!
IOb-Bootloader: DDR in use and program runs from DDR
IOb-Bootloader: Restart CPU to run user program...



Hello world!


Value of Pi = 3.141500

IOb-UART: requesting to send file
IOb-Console: got file receive request
IOb-Console: file name b'Sendfile.txt' 
IOb-Console : file size: 348 bytes
IOb-Console: file received
IOb-UART: file sent
IOb-UART: requesting to receive file
IOb-Console: got file send request
IOb-Console: file name b'Sendfile.txt' 
IOb-Console: file of size 348 bytes
IOb-Console: file sent
IOb-UART: file received
SUCCESS: Send and received file match!
IOb-Console: exiting...
